// Jest Snapshot v1, https://goo.gl/fbAQLP

exports[`Check if CustomButton component renders correctly 1`] = `
<View
  accessible={true}
  collapsable={false}
  focusable={false}
  onClick={[Function]}
  onResponderGrant={[Function]}
  onResponderMove={[Function]}
  onResponderRelease={[Function]}
  onResponderTerminate={[Function]}
  onResponderTerminationRequest={[Function]}
  onStartShouldSetResponder={[Function]}
  style={
    Object {
      "opacity": 1,
    }
  }
>
  <View
    style={
      Object {
        "backgroundColor": "#86B1B6",
        "borderColor": "#86B1B6",
        "borderRadius": 20,
        "borderWidth": 1,
        "paddingBottom": 10,
        "paddingLeft": 25,
        "paddingRight": 25,
        "paddingTop": 10,
      }
    }
  >
    <Text
      style={
        Object {
          "color": "white",
          "fontSize": 17,
        }
      }
    />
  </View>
</View>
`;
