// Jest Snapshot v1, https://goo.gl/fbAQLP

exports[`Check if LoadingOverlay component renders correctly 1`] = `
<View
  style={
    Object {
      "alignItems": "center",
      "backgroundColor": "black",
      "bottom": 0,
      "height": "100%",
      "justifyContent": "center",
      "left": 0,
      "opacity": 0.7,
      "position": "absolute",
      "right": 0,
      "top": 0,
    }
  }
>
  <ActivityIndicator
    size="large"
  />
</View>
`;
