// Jest Snapshot v1, https://goo.gl/fbAQLP

exports[`Check if PatientCard component renders correctly 1`] = `
<View
  accessible={true}
  collapsable={false}
  focusable={false}
  onClick={[Function]}
  onResponderGrant={[Function]}
  onResponderMove={[Function]}
  onResponderRelease={[Function]}
  onResponderTerminate={[Function]}
  onResponderTerminationRequest={[Function]}
  onStartShouldSetResponder={[Function]}
  style={
    Object {
      "alignItems": "center",
      "backgroundColor": "white",
      "borderRadius": 15,
      "display": "flex",
      "elevation": 2,
      "flexDirection": "row",
      "justifyContent": "space-between",
      "marginBottom": 10,
      "opacity": 1,
      "paddingBottom": 20,
      "paddingLeft": 10,
      "paddingRight": 10,
      "paddingTop": 20,
      "shadowColor": "#000",
      "shadowOffset": Object {
        "height": 2,
        "width": 0,
      },
      "shadowOpacity": 0.3,
      "shadowRadius": 2,
    }
  }
>
  <View
    style={
      Object {
        "display": "flex",
        "flexDirection": "row",
      }
    }
  >
    <View
      style={
        Object {
          "alignItems": "center",
          "backgroundColor": "#F9F9F9",
          "borderColor": "",
          "borderRadius": 50,
          "justifyContent": "center",
          "marginRight": 10,
          "padding": 10,
        }
      }
    >
      <Text />
    </View>
    <View
      style={
        Object {
          "display": "flex",
          "flexDirection": "column",
        }
      }
    >
      <Text
        style={
          Object {
            "color": "#C4CD4A",
            "fontSize": 20,
            "fontWeight": "bold",
            "marginBottom": 5,
          }
        }
      >
         
      </Text>
      <Text
        style={
          Object {
            "color": "#A9A4A4",
            "fontSize": 15,
          }
        }
      >
        Female
        , 
        NaN
         years old
      </Text>
    </View>
  </View>
  <View
    style={
      Object {
        "backgroundColor": "#347174",
        "borderRadius": 50,
        "height": 30,
        "width": 30,
      }
    }
  >
    <Text />
  </View>
</View>
`;
